This file contains any messages produced by compilers while
running configure, to aid debugging if configure makes a mistake.

It was created by jabber.el configure 0.8.0, which was
generated by GNU Autoconf 2.61.  Invocation command line was

  $ ./configure 

## --------- ##
## Platform. ##
## --------- ##

hostname = sisyphus
uname -m = i686
uname -r = 2.6.31-16-generic
uname -s = Linux
uname -v = #53-Ubuntu SMP Tue Dec 8 04:01:29 UTC 2009

/usr/bin/uname -p = unknown
/bin/uname -X     = unknown

/bin/arch              = unknown
/usr/bin/arch -k       = unknown
/usr/convex/getsysinfo = unknown
/usr/bin/hostinfo      = unknown
/bin/machine           = unknown
/usr/bin/oslevel       = unknown
/bin/universe          = unknown

PATH: /home/gusev/bin
PATH: /home/gusev/.rubygems/bin
PATH: /sbin
PATH: /usr/sbin
PATH: /usr/local/sbin
PATH: /usr/local/bin
PATH: /usr/sbin
PATH: /usr/bin
PATH: /sbin
PATH: /bin
PATH: /usr/games


## ----------- ##
## Core tests. ##
## ----------- ##

configure:1728: checking for a BSD-compatible install
configure:1784: result: /usr/bin/install -c
configure:1795: checking whether build environment is sane
configure:1838: result: yes
configure:1866: checking for a thread-safe mkdir -p
configure:1905: result: /bin/mkdir -p
configure:1918: checking for gawk
configure:1934: found /usr/bin/gawk
configure:1945: result: gawk
configure:1956: checking whether make sets $(MAKE)
configure:1977: result: yes
configure:2174: checking for emacs
configure:2190: found /usr/bin/emacs
configure:2201: result: emacs
configure:2225: checking where .elc files should go
configure:2238: $EMACS -batch -q -eval '(while load-path (princ (concat (car load-path) "\n")) (setq load-path (cdr load-path)))' </dev/null >conftest.out
Loading 00debian-vars...
Loading /etc/emacs/site-start.d/20apel.el (source)...
Loading /etc/emacs/site-start.d/50autoconf.el (source)...
Loading /etc/emacs/site-start.d/50bbdb.el (source)...
Loading /etc/emacs/site-start.d/50cmake.el (source)...
Loading /etc/emacs/site-start.d/50cmake-data.el (source)...
Loading /etc/emacs/site-start.d/50crypt++el.el (source)...
Loading /etc/emacs/site-start.d/50css-mode.el (source)...
Loading /etc/emacs/site-start.d/50develock-el.el (source)...
Package develock-el removed but not purged.  Skipping setup.
Loading /etc/emacs/site-start.d/50devscripts-el.el (source)...
Loading /etc/emacs/site-start.d/50dictionaries-common.el (source)...
Loading debian-ispell...
Loading /var/cache/dictionaries-common/emacsen-ispell-default.el (source)...
Loading /var/cache/dictionaries-common/emacsen-ispell-dicts.el (source)...
Loading /etc/emacs/site-start.d/50doxymacs.el (source)...
Error while loading 50doxymacs: Cannot open load file: doxymacs
Loading /etc/emacs/site-start.d/50dpkg-dev-el.el (source)...
Loading /etc/emacs/site-start.d/50elserv.el (source)...
Package elserv removed but not purged.  Skipping setup.
Loading /etc/emacs/site-start.d/50emacs-goodies-el.el (source)...
Loading /etc/emacs/site-start.d/50emms.el (source)...
Loading /etc/emacs/site-start.d/50erc.el (source)...
Loading erc-auto...
Loading /etc/emacs/site-start.d/50flim.el (source)...
Loading /etc/emacs/site-start.d/50git-core.el (source)...
Loading /etc/emacs/site-start.d/50haskell-mode.el (source)...
Loading /etc/emacs/site-start.d/50html-helper-mode.el (source)...
Loading /etc/emacs/site-start.d/50lua-mode.el (source)...
Loading /etc/emacs/site-start.d/50magit.el (source)...
Loading /etc/emacs/site-start.d/50ocaml-mode.el (source)...
Loading /etc/emacs/site-start.d/50php-elisp.el (source)...
Loading /etc/emacs/site-start.d/50psvn.el (source)...
Loading /etc/emacs/site-start.d/50pymacs.el (source)...
Loading /etc/emacs/site-start.d/50python-mode.el (source)...
Loading /etc/emacs/site-start.d/50ruby1.8-elisp.el (source)...
Loading /etc/emacs/site-start.d/50sawfish.el (source)...
Loading /etc/emacs/site-start.d/50w3m-el.el (source)...
Loading /etc/emacs/site-start.d/50yaml-mode.el (source)...
Loading /etc/emacs/site-start.d/51debian-el.el (source)...
configure:2241: $? = 0
configure:2254: result: ${datarootdir}/emacs/site-lisp
configure:2270: checking whether emacs has library sha1
configure:2278: $EMACS -batch -l conftest.el
Loading 00debian-vars...
Loading /etc/emacs/site-start.d/20apel.el (source)...
Loading /etc/emacs/site-start.d/50autoconf.el (source)...
Loading /etc/emacs/site-start.d/50bbdb.el (source)...
Loading /etc/emacs/site-start.d/50cmake.el (source)...
Loading /etc/emacs/site-start.d/50cmake-data.el (source)...
Loading /etc/emacs/site-start.d/50crypt++el.el (source)...
Loading /etc/emacs/site-start.d/50css-mode.el (source)...
Loading /etc/emacs/site-start.d/50develock-el.el (source)...
Package develock-el removed but not purged.  Skipping setup.
Loading /etc/emacs/site-start.d/50devscripts-el.el (source)...
Loading /etc/emacs/site-start.d/50dictionaries-common.el (source)...
Loading debian-ispell...
Loading /var/cache/dictionaries-common/emacsen-ispell-default.el (source)...
Loading /var/cache/dictionaries-common/emacsen-ispell-dicts.el (source)...
Loading /etc/emacs/site-start.d/50doxymacs.el (source)...
Error while loading 50doxymacs: Cannot open load file: doxymacs
Loading /etc/emacs/site-start.d/50dpkg-dev-el.el (source)...
Loading /etc/emacs/site-start.d/50elserv.el (source)...
Package elserv removed but not purged.  Skipping setup.
Loading /etc/emacs/site-start.d/50emacs-goodies-el.el (source)...
Loading /etc/emacs/site-start.d/50emms.el (source)...
Loading /etc/emacs/site-start.d/50erc.el (source)...
Loading erc-auto...
Loading /etc/emacs/site-start.d/50flim.el (source)...
Loading /etc/emacs/site-start.d/50git-core.el (source)...
Loading /etc/emacs/site-start.d/50haskell-mode.el (source)...
Loading /etc/emacs/site-start.d/50html-helper-mode.el (source)...
Loading /etc/emacs/site-start.d/50lua-mode.el (source)...
Loading /etc/emacs/site-start.d/50magit.el (source)...
Loading /etc/emacs/site-start.d/50ocaml-mode.el (source)...
Loading /etc/emacs/site-start.d/50php-elisp.el (source)...
Loading /etc/emacs/site-start.d/50psvn.el (source)...
Loading /etc/emacs/site-start.d/50pymacs.el (source)...
Loading /etc/emacs/site-start.d/50python-mode.el (source)...
Loading /etc/emacs/site-start.d/50ruby1.8-elisp.el (source)...
Loading /etc/emacs/site-start.d/50sawfish.el (source)...
Loading /etc/emacs/site-start.d/50w3m-el.el (source)...
Loading /etc/emacs/site-start.d/50yaml-mode.el (source)...
Loading /etc/emacs/site-start.d/51debian-el.el (source)...
configure:2281: $? = 0
configure:2290: result: yes
configure:2300: checking whether emacs has library sha1-el
configure:2308: $EMACS -batch -l conftest.el
Loading 00debian-vars...
Loading /etc/emacs/site-start.d/20apel.el (source)...
Loading /etc/emacs/site-start.d/50autoconf.el (source)...
Loading /etc/emacs/site-start.d/50bbdb.el (source)...
Loading /etc/emacs/site-start.d/50cmake.el (source)...
Loading /etc/emacs/site-start.d/50cmake-data.el (source)...
Loading /etc/emacs/site-start.d/50crypt++el.el (source)...
Loading /etc/emacs/site-start.d/50css-mode.el (source)...
Loading /etc/emacs/site-start.d/50develock-el.el (source)...
Package develock-el removed but not purged.  Skipping setup.
Loading /etc/emacs/site-start.d/50devscripts-el.el (source)...
Loading /etc/emacs/site-start.d/50dictionaries-common.el (source)...
Loading debian-ispell...
Loading /var/cache/dictionaries-common/emacsen-ispell-default.el (source)...
Loading /var/cache/dictionaries-common/emacsen-ispell-dicts.el (source)...
Loading /etc/emacs/site-start.d/50doxymacs.el (source)...
Error while loading 50doxymacs: Cannot open load file: doxymacs
Loading /etc/emacs/site-start.d/50dpkg-dev-el.el (source)...
Loading /etc/emacs/site-start.d/50elserv.el (source)...
Package elserv removed but not purged.  Skipping setup.
Loading /etc/emacs/site-start.d/50emacs-goodies-el.el (source)...
Loading /etc/emacs/site-start.d/50emms.el (source)...
Loading /etc/emacs/site-start.d/50erc.el (source)...
Loading erc-auto...
Loading /etc/emacs/site-start.d/50flim.el (source)...
Loading /etc/emacs/site-start.d/50git-core.el (source)...
Loading /etc/emacs/site-start.d/50haskell-mode.el (source)...
Loading /etc/emacs/site-start.d/50html-helper-mode.el (source)...
Loading /etc/emacs/site-start.d/50lua-mode.el (source)...
Loading /etc/emacs/site-start.d/50magit.el (source)...
Loading /etc/emacs/site-start.d/50ocaml-mode.el (source)...
Loading /etc/emacs/site-start.d/50php-elisp.el (source)...
Loading /etc/emacs/site-start.d/50psvn.el (source)...
Loading /etc/emacs/site-start.d/50pymacs.el (source)...
Loading /etc/emacs/site-start.d/50python-mode.el (source)...
Loading /etc/emacs/site-start.d/50ruby1.8-elisp.el (source)...
Loading /etc/emacs/site-start.d/50sawfish.el (source)...
Loading /etc/emacs/site-start.d/50w3m-el.el (source)...
Loading /etc/emacs/site-start.d/50yaml-mode.el (source)...
Loading /etc/emacs/site-start.d/51debian-el.el (source)...
configure:2311: $? = 0
configure:2320: result: yes
configure:2330: checking whether emacs has library hex-util
configure:2338: $EMACS -batch -l conftest.el
Loading 00debian-vars...
Loading /etc/emacs/site-start.d/20apel.el (source)...
Loading /etc/emacs/site-start.d/50autoconf.el (source)...
Loading /etc/emacs/site-start.d/50bbdb.el (source)...
Loading /etc/emacs/site-start.d/50cmake.el (source)...
Loading /etc/emacs/site-start.d/50cmake-data.el (source)...
Loading /etc/emacs/site-start.d/50crypt++el.el (source)...
Loading /etc/emacs/site-start.d/50css-mode.el (source)...
Loading /etc/emacs/site-start.d/50develock-el.el (source)...
Package develock-el removed but not purged.  Skipping setup.
Loading /etc/emacs/site-start.d/50devscripts-el.el (source)...
Loading /etc/emacs/site-start.d/50dictionaries-common.el (source)...
Loading debian-ispell...
Loading /var/cache/dictionaries-common/emacsen-ispell-default.el (source)...
Loading /var/cache/dictionaries-common/emacsen-ispell-dicts.el (source)...
Loading /etc/emacs/site-start.d/50doxymacs.el (source)...
Error while loading 50doxymacs: Cannot open load file: doxymacs
Loading /etc/emacs/site-start.d/50dpkg-dev-el.el (source)...
Loading /etc/emacs/site-start.d/50elserv.el (source)...
Package elserv removed but not purged.  Skipping setup.
Loading /etc/emacs/site-start.d/50emacs-goodies-el.el (source)...
Loading /etc/emacs/site-start.d/50emms.el (source)...
Loading /etc/emacs/site-start.d/50erc.el (source)...
Loading erc-auto...
Loading /etc/emacs/site-start.d/50flim.el (source)...
Loading /etc/emacs/site-start.d/50git-core.el (source)...
Loading /etc/emacs/site-start.d/50haskell-mode.el (source)...
Loading /etc/emacs/site-start.d/50html-helper-mode.el (source)...
Loading /etc/emacs/site-start.d/50lua-mode.el (source)...
Loading /etc/emacs/site-start.d/50magit.el (source)...
Loading /etc/emacs/site-start.d/50ocaml-mode.el (source)...
Loading /etc/emacs/site-start.d/50php-elisp.el (source)...
Loading /etc/emacs/site-start.d/50psvn.el (source)...
Loading /etc/emacs/site-start.d/50pymacs.el (source)...
Loading /etc/emacs/site-start.d/50python-mode.el (source)...
Loading /etc/emacs/site-start.d/50ruby1.8-elisp.el (source)...
Loading /etc/emacs/site-start.d/50sawfish.el (source)...
Loading /etc/emacs/site-start.d/50w3m-el.el (source)...
Loading /etc/emacs/site-start.d/50yaml-mode.el (source)...
Loading /etc/emacs/site-start.d/51debian-el.el (source)...
configure:2341: $? = 0
configure:2350: result: yes
configure:2379: checking for gconftool-2
configure:2397: found /usr/bin/gconftool-2
configure:2410: result: /usr/bin/gconftool-2
configure:2441: result: Using config source xml:merged:/etc/gconf/gconf.xml.defaults for schema installation
configure:2456: result: Using $(sysconfdir)/gconf/schemas as install directory for schema files
configure:2639: creating ./config.status

## ---------------------- ##
## Running config.status. ##
## ---------------------- ##

This file was extended by jabber.el config.status 0.8.0, which was
generated by GNU Autoconf 2.61.  Invocation command line was

  CONFIG_FILES    = 
  CONFIG_HEADERS  = 
  CONFIG_LINKS    = 
  CONFIG_COMMANDS = 
  $ ./config.status 

on sisyphus

config.status:605: creating Makefile
config.status:605: creating tests/Makefile
config.status:605: creating gconf/Makefile
config.status:605: creating jabber-ourversion.el

## ---------------- ##
## Cache variables. ##
## ---------------- ##

ac_cv_env_EMACSLOADPATH_set=
ac_cv_env_EMACSLOADPATH_value=
ac_cv_env_EMACS_set=set
ac_cv_env_EMACS_value=t
ac_cv_env_build_alias_set=
ac_cv_env_build_alias_value=
ac_cv_env_host_alias_set=
ac_cv_env_host_alias_value=
ac_cv_env_target_alias_set=
ac_cv_env_target_alias_value=
ac_cv_path_GCONFTOOL=/usr/bin/gconftool-2
ac_cv_path_install='/usr/bin/install -c'
ac_cv_path_mkdir=/bin/mkdir
ac_cv_prog_AWK=gawk
ac_cv_prog_EMACS=emacs
ac_cv_prog_make_make_set=yes
am_cv_lispdir='${datarootdir}/emacs/site-lisp'
ax_cv_emacs_lib_hex_util=yes
ax_cv_emacs_lib_sha1=yes
ax_cv_emacs_lib_sha1_el=yes

## ----------------- ##
## Output variables. ##
## ----------------- ##

ACLOCAL='${SHELL} /home/gusev/.emacs.d/site-lisp/emacs-jabber-0.8.0/missing --run aclocal-1.10'
AMTAR='${SHELL} /home/gusev/.emacs.d/site-lisp/emacs-jabber-0.8.0/missing --run tar'
AUTOCONF='${SHELL} /home/gusev/.emacs.d/site-lisp/emacs-jabber-0.8.0/missing --run autoconf'
AUTOHEADER='${SHELL} /home/gusev/.emacs.d/site-lisp/emacs-jabber-0.8.0/missing --run autoheader'
AUTOMAKE='${SHELL} /home/gusev/.emacs.d/site-lisp/emacs-jabber-0.8.0/missing --run automake-1.10'
AWK='gawk'
CYGPATH_W='echo'
DEFS='-DPACKAGE_NAME=\"jabber.el\" -DPACKAGE_TARNAME=\"emacs-jabber\" -DPACKAGE_VERSION=\"0.8.0\" -DPACKAGE_STRING=\"jabber.el\ 0.8.0\" -DPACKAGE_BUGREPORT=\"emacs-jabber-general@lists.sourceforge.net\" -DPACKAGE=\"emacs-jabber\" -DVERSION=\"0.8.0\"'
ECHO_C=''
ECHO_N='-n'
ECHO_T=''
EMACS='emacs'
EMACSLOADPATH=''
GCONFTOOL='/usr/bin/gconftool-2'
GCONF_SCHEMAS_INSTALL_FALSE='#'
GCONF_SCHEMAS_INSTALL_TRUE=''
GCONF_SCHEMA_CONFIG_SOURCE='xml:merged:/etc/gconf/gconf.xml.defaults'
GCONF_SCHEMA_FILE_DIR='$(sysconfdir)/gconf/schemas'
INSTALL_DATA='${INSTALL} -m 644'
INSTALL_PROGRAM='${INSTALL}'
INSTALL_SCRIPT='${INSTALL}'
INSTALL_STRIP_PROGRAM='$(install_sh) -c -s'
LIBOBJS=''
LIBS=''
LTLIBOBJS=''
MAKEINFO='${SHELL} /home/gusev/.emacs.d/site-lisp/emacs-jabber-0.8.0/missing --run makeinfo'
PACKAGE='emacs-jabber'
PACKAGE_BUGREPORT='emacs-jabber-general@lists.sourceforge.net'
PACKAGE_NAME='jabber.el'
PACKAGE_STRING='jabber.el 0.8.0'
PACKAGE_TARNAME='emacs-jabber'
PACKAGE_VERSION='0.8.0'
PATH_SEPARATOR=':'
SET_MAKE=''
SHELL='/bin/bash'
STRIP=''
USE_GCONFTOOL_FALSE='#'
USE_GCONFTOOL_TRUE=''
USE_OUR_HEX_UTIL_FALSE=''
USE_OUR_HEX_UTIL_TRUE='#'
USE_OUR_SHA1_FALSE=''
USE_OUR_SHA1_TRUE='#'
VERSION='0.8.0'
am__isrc=''
am__leading_dot='.'
am__tar='${AMTAR} chof - "$$tardir"'
am__untar='${AMTAR} xf -'
bindir='${exec_prefix}/bin'
build_alias=''
datadir='${datarootdir}'
datarootdir='${prefix}/share'
docdir='${datarootdir}/doc/${PACKAGE_TARNAME}'
dvidir='${docdir}'
exec_prefix='${prefix}'
host_alias=''
htmldir='${docdir}'
includedir='${prefix}/include'
infodir='${datarootdir}/info'
install_sh='$(SHELL) /home/gusev/.emacs.d/site-lisp/emacs-jabber-0.8.0/install-sh'
libdir='${exec_prefix}/lib'
libexecdir='${exec_prefix}/libexec'
lispdir='${datarootdir}/emacs/site-lisp'
localedir='${datarootdir}/locale'
localstatedir='${prefix}/var'
mandir='${datarootdir}/man'
mkdir_p='/bin/mkdir -p'
oldincludedir='/usr/include'
pdfdir='${docdir}'
prefix='/usr/local'
program_transform_name='s,x,x,'
psdir='${docdir}'
sbindir='${exec_prefix}/sbin'
sharedstatedir='${prefix}/com'
sysconfdir='${prefix}/etc'
target_alias=''

## ----------- ##
## confdefs.h. ##
## ----------- ##

#define PACKAGE_NAME "jabber.el"
#define PACKAGE_TARNAME "emacs-jabber"
#define PACKAGE_VERSION "0.8.0"
#define PACKAGE_STRING "jabber.el 0.8.0"
#define PACKAGE_BUGREPORT "emacs-jabber-general@lists.sourceforge.net"
#define PACKAGE "emacs-jabber"
#define VERSION "0.8.0"

configure: exit 0
